BK7258 R1 openvela XTS/NSH serial evidence excerpts
UART: /dev/ttyUSB0, 115200 8N1
Date: 2026-09-09

=== ostest ===
ostest: memory checkpoint 34 settle end ret=0 errno=11
user_main: vfork() test
vfork_test: Child 479 ran successfully
Final memory usage:
user_main: Exiting
ostest_main: Exiting with status 0

=== mm ===
(31)Releasing memory at 0x2803d2c0 (size=24 bytes)
     mallinfo:
       Total space allocated from system = 167056
       Number of non-inuse chunks        = 3
       Largest non-inuse chunk           = 126736
       Total allocated space             = 40040
       Total non-inuse space             = 127016
TEST COMPLETE

=== scanftest prerequisite ===
nsh> mount -t tmpfs tmpfs /tmp
nsh> mount
  /proc type procfs
  /tmp type tmpfs

=== scanftest ===
Back to Back Test...
Test PASSED.
Test #24 PASSED.
Test #25 PASSED.
Scanf tests done... OK: 164, FAILED: 0

=== hello ===
nsh> hello
Hello, World!!

=== free ===
      total       used       free    maxused    maxfree  nused  nfree name
    3014656        392    3014264        376    3014264      2      1 ap-psram
     167056      36208     130848     165168     130544     55      2 Umem

=== df -h ===
Filesystem      Size      Used  Available Mounted on
procfs            0B        0B         0B /proc

=== getprime ===
thread #0 finished, found 1230 primes, last one was 9973
Done
getprime took 102387 msec


=== 补充真机记录（本人提供，v23-v25） ===

=== cxxtest ===
Test std::vector、std::map、C++17 features、RTTI、Exception 子项输出正常；返回 nsh>。

=== popen ===
Calling popen("help") 输出命令列表；Calling pclose() 后返回 nsh>。

=== pipe ===
PIPE redirection test PASSED
PIPE test PASSED

=== cmocka_mm_test ===
8 test(s) run.
[  PASSED  ] 8 test(s).

=== cmocka_sched_test ===
16 test(s) run.
[  PASSED  ] 16 test(s).

=== cmocka_syscall_test ===
先挂载 /data tmpfs 后完成 83 个测试，均为 OK。

=== getprime ===
thread #0 finished, found 1230 primes, last one was 9973
Done
getprime took 102387 msec

=== reboot / Cold boot ===
执行 reboot 或断电上电后恢复 NuttShell (NSH)，随后 Wi-Fi/DHCP 恢复。人工观察启动时间约 1 秒。

=== fstest ===
File system tests done... OK: 20, FAILED: 0

=== ramtest ===
Marching ones、Marching zeroes、Pattern test 和 Address-in-address test 均完成并返回 nsh>。

=== cmocka_driver_block（RAM） ===
mkrd -m 10 -s 512 64 创建 /dev/ram10；3 test(s) run，3 test(s) passed。


